原始：17509us 5842us 6100us
